
> laser-phaser@0.0.0 test
> vitest run


[1m[46m RUN [49m[22m [36mv4.0.14 [39m[90m/Users/pkc/Projekte/laser-phaser[39m

 [32m✓[39m tests/unit/ships/configurations/asteroid-small-dust.test.ts [2m([22m[2m1 test[22m[2m)[22m[32m 2[2mms[22m[39m
 [32m✓[39m tests/unit/src-generated/ships/markers/green-rocket-carrier.markers.test.ts [2m([22m[2m1 test[22m[2m)[22m[32m 2[2mms[22m[39m
 [32m✓[39m tests/unit/ships/configurations/big-cruiser-white-laser.test.ts [2m([22m[2m1 test[22m[2m)[22m[32m 2[2mms[22m[39m
 [32m✓[39m tests/unit/scenes/galaxies/planets/effects/solid-ring-effect.test.ts [2m([22m[2m4 tests[22m[2m)[22m[32m 55[2mms[22m[39m
[90mstderr[2m | tests/unit/ships/ship.test.ts[2m > [22m[2mShip[2m > [22m[2mshould calculate acceleration with drives
[22m[39mNo texture key for visible mount module

[90mstderr[2m | tests/unit/ships/ship.test.ts[2m > [22m[2mShip[2m > [22m[2mshould reduce acceleration by 30% when multiple drives are installed
[22m[39mNo texture key for visible mount module
No texture key for visible mount module

 [32m✓[39m tests/unit/ships/ship.test.ts [2m([22m[2m19 tests[22m[2m)[22m[32m 18[2mms[22m[39m
[90mstdout[2m | tests/unit/scenes/galaxies/configs/demo-galaxy.test.ts
[22m[39mRegistered effect: asteroid-belt
Registered effect: bubble
Registered effect: color-circle
Registered effect: gas-ring
Registered effect: ghost-shade
Registered effect: glimmering-snow
Registered effect: hurricane
Registered effect: mini-moon
Registered effect: rectangles
Registered effect: satellite
Registered effect: solar-flare
Registered effect: solid-ring
Registered effect: spikes

[90mstdout[2m | tests/unit/scenes/galaxies/configs/blood-hunters-galaxy.test.ts
[22m[39mRegistered effect: asteroid-belt
Registered effect: bubble
Registered effect: color-circle
Registered effect: gas-ring
Registered effect: ghost-shade
Registered effect: glimmering-snow
Registered effect: hurricane
Registered effect: mini-moon
Registered effect: rectangles
Registered effect: satellite
Registered effect: solar-flare
Registered effect: solid-ring
Registered effect: spikes

 [32m✓[39m tests/unit/scenes/galaxies/configs/blood-hunters-galaxy.test.ts [2m([22m[2m1 test[22m[2m)[22m[32m 21[2mms[22m[39m
 [32m✓[39m tests/unit/scenes/galaxies/configs/demo-galaxy.test.ts [2m([22m[2m6 tests[22m[2m)[22m[32m 127[2mms[22m[39m
 [32m✓[39m tests/unit/ships/effects/types.test.ts [2m([22m[2m1 test[22m[2m)[22m[32m 2[2mms[22m[39m
[90mstdout[2m | tests/unit/scripts/generate-markers.test.ts[2m > [22m[2mMarker Generator[2m > [22m[2mshould generate correct markers from PNG
[22m[39mGenerating markers for test_ship_vitest.png...
Generated src-generated/ships/markers/test_ship_vitest.markers.ts with 4 markers.

 [32m✓[39m tests/unit/scripts/generate-markers.test.ts [2m([22m[2m1 test[22m[2m)[22m[32m 16[2mms[22m[39m
[90mstdout[2m | processFile (/Users/pkc/Projekte/laser-phaser/scripts/generate-markers.ts:14:13)
[22m[39mGenerating markers for green-rocket-carrier.png...

[90mstdout[2m | processFile (/Users/pkc/Projekte/laser-phaser/scripts/generate-markers.ts:75:13)
[22m[39mGenerated src-generated/ships/markers/green-rocket-carrier.markers.ts with 3 markers.

[90mstdout[2m | processFile (/Users/pkc/Projekte/laser-phaser/scripts/generate-markers.ts:14:13)
[22m[39mGenerating markers for blood-hunter.png...

[90mstdout[2m | processFile (/Users/pkc/Projekte/laser-phaser/scripts/generate-markers.ts:75:13)
[22m[39mGenerated src-generated/ships/markers/blood-hunter.markers.ts with 3 markers.

[90mstdout[2m | processFile (/Users/pkc/Projekte/laser-phaser/scripts/generate-markers.ts:14:13)
[22m[39mGenerating markers for blood-fighter.png...

[90mstdout[2m | processFile (/Users/pkc/Projekte/laser-phaser/scripts/generate-markers.ts:75:13)
[22m[39mGenerated src-generated/ships/markers/blood-fighter.markers.ts with 3 markers.

[90mstdout[2m | processFile (/Users/pkc/Projekte/laser-phaser/scripts/generate-markers.ts:14:13)
[22m[39mGenerating markers for blood-boss.png...

[90mstdout[2m | processFile (/Users/pkc/Projekte/laser-phaser/scripts/generate-markers.ts:75:13)
[22m[39mGenerated src-generated/ships/markers/blood-boss.markers.ts with 9 markers.

[90mstdout[2m | processFile (/Users/pkc/Projekte/laser-phaser/scripts/generate-markers.ts:14:13)
[22m[39mGenerating markers for blood-bomber.png...

[90mstdout[2m | processFile (/Users/pkc/Projekte/laser-phaser/scripts/generate-markers.ts:75:13)
[22m[39mGenerated src-generated/ships/markers/blood-bomber.markers.ts with 3 markers.

[90mstdout[2m | processFile (/Users/pkc/Projekte/laser-phaser/scripts/generate-markers.ts:14:13)
[22m[39mGenerating markers for big-cruiser.png...

[90mstdout[2m | processFile (/Users/pkc/Projekte/laser-phaser/scripts/generate-markers.ts:75:13)
[22m[39mGenerated src-generated/ships/markers/big-cruiser.markers.ts with 5 markers.

 [32m✓[39m tests/unit/logic/player-controller.test.ts [2m([22m[2m8 tests[22m[2m)[22m[32m 7[2mms[22m[39m
 [32m✓[39m tests/unit/ships/ship-combat.test.ts [2m([22m[2m8 tests[22m[2m)[22m[32m 39[2mms[22m[39m
 [32m✓[39m tests/unit/scripts/png-utils.test.ts [2m([22m[2m1 test[22m[2m)[22m[32m 1[2mms[22m[39m
 [32m✓[39m tests/unit/scenes/wormhole-scene.test.ts [2m([22m[2m4 tests[22m[2m)[22m[32m 38[2mms[22m[39m
 [32m✓[39m tests/unit/ships/modules/lasers/red-laser.test.ts [2m([22m[2m1 test[22m[2m)[22m[32m 3[2mms[22m[39m
 [32m✓[39m tests/unit/utils/time-utils.test.ts [2m([22m[2m3 tests[22m[2m)[22m[32m 9[2mms[22m[39m
[90mstdout[2m | tests/unit/scenes/galaxies/planets/planet-storyline.test.ts[2m > [22m[2mPlanetStoryline[2m > [22m[2mshould not restart typing if user skips during show animation
[22m[39mIntro Text displayed for planet: test

 [32m✓[39m tests/unit/scenes/galaxies/planets/planet-storyline.test.ts [2m([22m[2m5 tests[22m[2m)[22m[32m 10[2mms[22m[39m
 [32m✓[39m tests/unit/logic/player-rotation.test.ts [2m([22m[2m10 tests[22m[2m)[22m[32m 14[2mms[22m[39m
 [32m✓[39m tests/unit/logic/collision-manager.test.ts [2m([22m[2m6 tests[22m[2m)[22m[32m 9[2mms[22m[39m
[90mstdout[2m | tests/unit/scenes/shoot-em-ups/shoot-em-up-scene.test.ts
[22m[39mRegistered level: blood-boss-level
Registered level: blood-hunters-level
Registered level: intro-asteroid-level
Registered level: ship-debug-level
Registered level: ship-demo-level

 [32m✓[39m tests/unit/scenes/shoot-em-ups/shoot-em-up-scene.test.ts [2m([22m[2m5 tests[22m[2m)[22m[32m 10[2mms[22m[39m
 [32m✓[39m tests/unit/ui/loot-ui.test.ts [2m([22m[2m1 test[22m[2m)[22m[32m 3[2mms[22m[39m
[90mstdout[2m | tests/unit/scenes/preload-scene.test.ts[2m > [22m[2mPreloadScene[2m > [22m[2mshould generate flares on create
[22m[39mPreloadScene: create started
Generating flare textures...
PreloadScene: create complete, waiting for load and fade...

[90mstdout[2m | tests/unit/scenes/preload-scene.test.ts[2m > [22m[2mPreloadScene[2m > [22m[2mshould wait 3s before starting WormholeScene after visual completion
[22m[39mWormholeScene started
WormholeScene started

[90mstdout[2m | tests/unit/scenes/preload-scene.test.ts[2m > [22m[2mPreloadScene[2m > [22m[2mshould skip WormholeScene and start GalaxyScene if galaxyId is in URL
[22m[39mStarting directly with galaxy: test-galaxy (skipping wormhole)
Starting directly with galaxy: test-galaxy (skipping wormhole)

[90mstdout[2m | tests/unit/scenes/preload-scene.test.ts[2m > [22m[2mPreloadScene[2m > [22m[2mshould calculate layout correctly
[22m[39mPreloadScene: create started
Generating flare textures...
PreloadScene: create complete, waiting for load and fade...

 [32m✓[39m tests/unit/scenes/preload-scene.test.ts [2m([22m[2m8 tests[22m[2m)[22m[32m 9[2mms[22m[39m
 [32m✓[39m tests/unit/ships/loot.test.ts [2m([22m[2m5 tests[22m[2m)[22m[32m 5[2mms[22m[39m
 [32m✓[39m tests/unit/logic/debug-utils.test.ts [2m([22m[2m1 test[22m[2m)[22m[32m 2[2mms[22m[39m
 [32m✓[39m tests/unit/logic/game-manager.test.ts [2m([22m[2m6 tests[22m[2m)[22m[32m 8[2mms[22m[39m
 [32m✓[39m tests/unit/scenes/galaxies/planets/effects/satellite-effect.test.ts [2m([22m[2m2 tests[22m[2m)[22m[32m 5[2mms[22m[39m
[90mstdout[2m | tests/unit/scripts/generate-color-palette.test.ts[2m > [22m[2mgenerate-color-palette[2m > [22m[2mshould generate a palette without crashing
[22m[39mSuccessfully generated module-color-palette.png

[90mstdout[2m | tests/unit/scenes/galaxies/galaxy-scene.test.ts
[22m[39mRegistered effect: asteroid-belt
Registered effect: bubble
Registered effect: color-circle
Registered effect: gas-ring
Registered effect: ghost-shade
Registered effect: glimmering-snow
Registered effect: hurricane
Registered effect: mini-moon
Registered effect: rectangles
Registered effect: satellite
Registered effect: solar-flare
Registered effect: solid-ring
Registered effect: spikes

 [32m✓[39m tests/unit/scripts/generate-color-palette.test.ts [2m([22m[2m2 tests[22m[2m)[22m[32m 9[2mms[22m[39m
[90mstdout[2m | tests/unit/scenes/galaxies/galaxy-scene.test.ts
[22m[39mRegistered galaxy: blood-hunters-galaxy
Registered galaxy: demo-galaxy

[90mstdout[2m | tests/unit/scenes/galaxies/galaxy-scene.test.ts[2m > [22m[2mGalaxyScene[2m > [22m[2mcreate[2m > [22m[2minitializes locale via LocaleManager
[22m[39mGalaxyScene: create() started for blood-hunters-galaxy
GalaxyScene: create() complete

[90mstdout[2m | tests/unit/scenes/galaxies/galaxy-scene.test.ts[2m > [22m[2mGalaxyScene[2m > [22m[2mcreate[2m > [22m[2mcreates the galaxy from factory
[22m[39mGalaxyScene: create() started for blood-hunters-galaxy
GalaxyScene: create() complete

[90mstdout[2m | tests/unit/scenes/galaxies/galaxy-scene.test.ts[2m > [22m[2mGalaxyScene[2m > [22m[2mcreate[2m > [22m[2mcreates player ship controller
[22m[39mGalaxyScene: create() started for blood-hunters-galaxy
GalaxyScene: create() complete

[90mstdout[2m | tests/unit/scenes/galaxies/galaxy-scene.test.ts[2m > [22m[2mGalaxyScene[2m > [22m[2mcreate[2m > [22m[2mcreates planet navigator
[22m[39mGalaxyScene: create() started for blood-hunters-galaxy
GalaxyScene: create() complete

 [32m✓[39m tests/unit/scenes/galaxies/galaxy-scene.test.ts [2m([22m[2m9 tests[22m[2m)[22m[32m 9[2mms[22m[39m
 [32m✓[39m tests/unit/scenes/galaxies/planets/effects/gas-ring-effect.test.ts [2m([22m[2m3 tests[22m[2m)[22m[32m 4[2mms[22m[39m
 [32m✓[39m tests/unit/scenes/galaxies/planets/effects/color-circle-effect.test.ts [2m([22m[2m8 tests[22m[2m)[22m[32m 10[2mms[22m[39m
 [32m✓[39m tests/unit/ships/module-manager.test.ts [2m([22m[2m5 tests[22m[2m)[22m[32m 5[2mms[22m[39m
 [32m✓[39m tests/unit/ships/textures/asteroid-texture.test.ts [2m([22m[2m4 tests[22m[2m)[22m[32m 9[2mms[22m[39m
[90mstdout[2m | tests/unit/ships/textures/flares-texture.test.ts[2m > [22m[2mFlaresTexture[2m > [22m[2mshould not create texture if it already exists
[22m[39mTexture existing-key already exists

 [32m✓[39m tests/unit/ships/textures/flares-texture.test.ts [2m([22m[2m4 tests[22m[2m)[22m[32m 7[2mms[22m[39m
[90mstdout[2m | tests/unit/scenes/galaxies/planet-navigator.test.ts
[22m[39mRegistered effect: asteroid-belt
Registered effect: bubble
Registered effect: color-circle
Registered effect: gas-ring
Registered effect: ghost-shade
Registered effect: glimmering-snow
Registered effect: hurricane
Registered effect: mini-moon
Registered effect: rectangles
Registered effect: satellite
Registered effect: solar-flare
Registered effect: solid-ring
Registered effect: spikes

[90mstdout[2m | tests/unit/scenes/galaxies/planet-navigator.test.ts[2m > [22m[2mPlanetNavigator[2m > [22m[2mhandlePlanetClick[2m > [22m[2mshows interaction UI when clicking current planet
[22m[39mPlanetNavigator: handlePlanetClick Test Planet (enabled: true, overlay: false)

[90mstdout[2m | tests/unit/scenes/galaxies/planet-navigator.test.ts[2m > [22m[2mPlanetNavigator[2m > [22m[2mhandlePlanetClick[2m > [22m[2mtravels to planet when clicking different planet
[22m[39mPlanetNavigator: handlePlanetClick Test Planet (enabled: true, overlay: false)

[90mstdout[2m | tests/unit/scenes/galaxies/planet-navigator.test.ts[2m > [22m[2mPlanetNavigator[2m > [22m[2mhandlePlanetClick[2m > [22m[2mdoes nothing for locked planets
[22m[39mPlanetNavigator: handlePlanetClick Test Planet (enabled: true, overlay: false)

[90mstdout[2m | tests/unit/scenes/galaxies/planet-navigator.test.ts[2m > [22m[2mPlanetNavigator[2m > [22m[2mmoveToPlanet[2m > [22m[2muses delayedCall for intro delay
[22m[39mPlanetNavigator: moveToPlanet p1 (start). introRequired=true, delay=1000
PlanetNavigator: Delaying controls. introPending=true
PlanetNavigator: Intro delay complete. Resuming controls.

 [32m✓[39m tests/unit/scenes/galaxies/planet-navigator.test.ts [2m([22m[2m14 tests[22m[2m)[22m[32m 13[2mms[22m[39m
 [32m✓[39m tests/unit/config/locale-manager.test.ts [2m([22m[2m7 tests[22m[2m)[22m[32m 8[2mms[22m[39m
 [32m✓[39m tests/unit/scenes/galaxies/planets/planet-visuals.test.ts [2m([22m[2m2 tests[22m[2m)[22m[32m 11[2mms[22m[39m
 [32m✓[39m tests/unit/ships/definitions/asteroid-medium.test.ts [2m([22m[2m1 test[22m[2m)[22m[32m 4[2mms[22m[39m
 [32m✓[39m tests/unit/scenes/shoot-em-ups/formations/demo-formation.test.ts [2m([22m[2m1 test[22m[2m)[22m[32m 1[2mms[22m[39m
 [32m✓[39m tests/unit/backgrounds/warp-starfield.test.ts [2m([22m[2m1 test[22m[2m)[22m[32m 7[2mms[22m[39m
 [32m✓[39m tests/unit/scenes/shoot-em-ups/formations/diamond-formation.test.ts [2m([22m[2m7 tests[22m[2m)[22m[32m 7[2mms[22m[39m
[90mstdout[2m | tests/unit/scenes/shoot-em-ups/levels/blood-boss-level.test.ts[2m > [22m[2mBloodBossLevel[2m > [22m[2mFormation[2m > [22m[2mshould spawn ship off-screen
[22m[39mBloodBossLevel: Spawning boss!
BloodBossLevel: Boss spawned at 400, -200

 [32m✓[39m tests/unit/scenes/shoot-em-ups/levels/blood-boss-level.test.ts [2m([22m[2m4 tests[22m[2m)[22m[32m 3[2mms[22m[39m
 [32m✓[39m tests/unit/scenes/base-scene.test.ts [2m([22m[2m6 tests[22m[2m)[22m[32m 9[2mms[22m[39m
 [32m✓[39m tests/unit/scenes/galaxies/planets/effects/bubble-effect.test.ts [2m([22m[2m1 test[22m[2m)[22m[32m 5[2mms[22m[39m
 [32m✓[39m tests/unit/logic/collision-handlers/ship-loot-handler.test.ts [2m([22m[2m3 tests[22m[2m)[22m[32m 2[2mms[22m[39m
[90mstdout[2m | tests/unit/scenes/shoot-em-ups/tactics/blood-boss-tactic.test.ts[2m > [22m[2mBloodBossTactic[2m > [22m[2mshould start in MOVING state, set rotation, and move ship
[22m[39mBloodBossTactic: Distance 200, Speed 100
BloodBossTactic: Movement Duration 2000

[90mstdout[2m | tests/unit/scenes/shoot-em-ups/tactics/blood-boss-tactic.test.ts[2m > [22m[2mBloodBossTactic[2m > [22m[2mshould transition to ROTATING after movement completes
[22m[39mBloodBossTactic: Distance 200, Speed 100
BloodBossTactic: Movement Duration 2000

[90mstdout[2m | tests/unit/scenes/shoot-em-ups/tactics/blood-boss-tactic.test.ts[2m > [22m[2mBloodBossTactic[2m > [22m[2mshould transition to ATTACKING after rotation aligns
[22m[39mBloodBossTactic: Distance 200, Speed 100
BloodBossTactic: Movement Duration 2000

[90mstdout[2m | tests/unit/scenes/shoot-em-ups/tactics/blood-boss-tactic.test.ts[2m > [22m[2mBloodBossTactic[2m > [22m[2mshould fire lasers continuously in ATTACKING state
[22m[39mBloodBossTactic: Distance 200, Speed 100
BloodBossTactic: Movement Duration 2000

 [32m✓[39m tests/unit/scenes/shoot-em-ups/tactics/blood-boss-tactic.test.ts [2m([22m[2m4 tests[22m[2m)[22m[32m 5[2mms[22m[39m
 [32m✓[39m tests/unit/scripts/check-tests.test.ts [2m([22m[2m1 test[22m[2m)[22m[32m 5[2mms[22m[39m
 [32m✓[39m tests/unit/scenes/galaxies/planets/effects/rectangles-effect.test.ts [2m([22m[2m4 tests[22m[2m)[22m[32m 7[2mms[22m[39m
 [32m✓[39m tests/unit/ships/modules/rockets/blood-rocket.test.ts [2m([22m[2m1 test[22m[2m)[22m[32m 4[2mms[22m[39m
 [32m✓[39m tests/unit/ships/configurations/green-rocket-carrier-green-rocket.test.ts [2m([22m[2m1 test[22m[2m)[22m[32m 3[2mms[22m[39m
 [32m✓[39m tests/unit/scenes/galaxies/player-ship-controller.test.ts [2m([22m[2m9 tests[22m[2m)[22m[32m 16[2mms[22m[39m
 [32m✓[39m tests/unit/scenes/shoot-em-ups/levels/blood-hunters-level.test.ts [2m([22m[2m2 tests[22m[2m)[22m[32m 7[2mms[22m[39m
 [32m✓[39m tests/unit/logic/collision-handlers/ship-enemy-handler.test.ts [2m([22m[2m3 tests[22m[2m)[22m[32m 5[2mms[22m[39m
 [32m✓[39m tests/unit/ships/configurations/asteroid-medium-dust.test.ts [2m([22m[2m1 test[22m[2m)[22m[32m 2[2mms[22m[39m
 [32m✓[39m tests/unit/main.test.ts [2m([22m[2m1 test[22m[2m)[22m[32m 2[2mms[22m[39m
 [32m✓[39m tests/unit/scripts/build-storylines.test.ts [2m([22m[2m1 test[22m[2m)[22m[32m 4[2mms[22m[39m
[90mstdout[2m | tests/unit/scenes/shoot-em-ups/levels/level.test.ts[2m > [22m[2mLevel[2m > [22m[2mshould spawn formations sequentially across steps
[22m[39mStarting Level: Test Level
Starting Wave 1: MockTactic (Unknown Ship)
Starting Wave 2: MockTactic (Unknown Ship)

[90mstdout[2m | tests/unit/scenes/shoot-em-ups/levels/level.test.ts[2m > [22m[2mLevel[2m > [22m[2mshould spawn formations in parallel
[22m[39mStarting Level: Test Level
Starting Wave 1: MockTactic (Unknown Ship), MockTactic (Unknown Ship)

[90mstdout[2m | tests/unit/scenes/shoot-em-ups/levels/level.test.ts[2m > [22m[2mLevel[2m > [22m[2mshould handle startDelay
[22m[39mStarting Level: Test Level
Starting Wave 1: MockTactic (Unknown Ship)

 [32m✓[39m tests/unit/scenes/shoot-em-ups/levels/level.test.ts [2m([22m[2m3 tests[22m[2m)[22m[32m 15[2mms[22m[39m
 [32m✓[39m tests/unit/di/decorators.test.ts [2m([22m[2m5 tests[22m[2m)[22m[32m 7[2mms[22m[39m
 [32m✓[39m tests/unit/scenes/shoot-em-ups/tactics/sinus-tactic.test.ts [2m([22m[2m2 tests[22m[2m)[22m[32m 5[2mms[22m[39m
 [32m✓[39m tests/unit/scenes/galaxies/planets/effects/hurricane-effect.test.ts [2m([22m[2m4 tests[22m[2m)[22m[32m 11[2mms[22m[39m
 [32m✓[39m tests/unit/scenes/galaxies/galaxy-interaction.test.ts [2m([22m[2m7 tests[22m[2m)[22m[32m 15[2mms[22m[39m
 [32m✓[39m tests/unit/logic/game-status.test.ts [2m([22m[2m19 tests[22m[2m)[22m[32m 4[2mms[22m[39m
 [32m✓[39m tests/unit/scenes/galaxies/planets/effects/solar-flare-effect.test.ts [2m([22m[2m6 tests[22m[2m)[22m[32m 8[2mms[22m[39m
 [32m✓[39m tests/unit/ships/effects/red-thruster-effect.test.ts [2m([22m[2m1 test[22m[2m)[22m[32m 4[2mms[22m[39m
 [32m✓[39m tests/unit/scenes/galaxies/planets/effects/spikes-effect.test.ts [2m([22m[2m3 tests[22m[2m)[22m[32m 13[2mms[22m[39m
 [32m✓[39m tests/unit/ships/modules/drives/dust-drive.test.ts [2m([22m[2m1 test[22m[2m)[22m[32m 4[2mms[22m[39m
 [32m✓[39m tests/unit/ships/effects/rocket-hit-effect.test.ts [2m([22m[2m7 tests[22m[2m)[22m[32m 6[2mms[22m[39m
 [32m✓[39m tests/unit/scenes/shoot-em-ups/tactics/linear-tactic.test.ts [2m([22m[2m2 tests[22m[2m)[22m[32m 4[2mms[22m[39m
 [32m✓[39m tests/unit/logic/player-movement.test.ts [2m([22m[2m11 tests[22m[2m)[22m[32m 10[2mms[22m[39m
 [32m✓[39m tests/unit/scenes/tower-defenses/tower-defense-scene.test.ts [2m([22m[2m2 tests[22m[2m)[22m[32m 4[2mms[22m[39m
 [32m✓[39m tests/unit/scenes/shoot-em-ups/levels/intro-asteroid-level.test.ts [2m([22m[2m1 test[22m[2m)[22m[32m 2[2mms[22m[39m
 [32m✓[39m tests/unit/scripts/marker-config.test.ts [2m([22m[2m1 test[22m[2m)[22m[32m 2[2mms[22m[39m
 [32m✓[39m tests/unit/scenes/shoot-em-ups/level-registry.test.ts [2m([22m[2m1 test[22m[2m)[22m[32m 3[2mms[22m[39m
 [32m✓[39m tests/unit/scenes/galaxies/galaxy-factory.test.ts [2m([22m[2m1 test[22m[2m)[22m[32m 24[2mms[22m[39m
 [32m✓[39m tests/unit/src-generated/ships/markers/blood-bomber.markers.test.ts [2m([22m[2m1 test[22m[2m)[22m[32m 6[2mms[22m[39m
 [32m✓[39m tests/unit/ships/modules/lasers/base-laser.test.ts [2m([22m[2m3 tests[22m[2m)[22m[32m 4[2mms[22m[39m
 [32m✓[39m tests/unit/ships/effects/engine-trail.test.ts [2m([22m[2m4 tests[22m[2m)[22m[32m 4[2mms[22m[39m
 [32m✓[39m tests/unit/ships/effects/asteroid-morph-effect.test.ts [2m([22m[2m1 test[22m[2m)[22m[32m 3[2mms[22m[39m
 [32m✓[39m tests/unit/scenes/shoot-em-ups/formations/base-formation.test.ts [2m([22m[2m1 test[22m[2m)[22m[32m 2[2mms[22m[39m
 [32m✓[39m tests/unit/ships/definitions/green-rocket-carrier.test.ts [2m([22m[2m2 tests[22m[2m)[22m[32m 3[2mms[22m[39m
 [32m✓[39m tests/unit/ships/modules/rockets/base-rocket.test.ts [2m([22m[2m3 tests[22m[2m)[22m[32m 4[2mms[22m[39m
 [32m✓[39m tests/unit/src-generated/ships/markers/blood-fighter.markers.test.ts [2m([22m[2m1 test[22m[2m)[22m[32m 3[2mms[22m[39m
 [32m✓[39m tests/unit/logic/collision-handlers/laser-enemy-handler.test.ts [2m([22m[2m5 tests[22m[2m)[22m[32m 3[2mms[22m[39m
[90mstdout[2m | tests/unit/scenes/galaxies/galaxy.test.ts
[22m[39mRegistered effect: asteroid-belt
Registered effect: bubble
Registered effect: color-circle
Registered effect: gas-ring
Registered effect: ghost-shade
Registered effect: glimmering-snow
Registered effect: hurricane
Registered effect: mini-moon
Registered effect: rectangles
Registered effect: satellite
Registered effect: solar-flare
Registered effect: solid-ring
Registered effect: spikes

 [32m✓[39m tests/unit/scenes/galaxies/galaxy.test.ts [2m([22m[2m2 tests[22m[2m)[22m[32m 3[2mms[22m[39m
 [32m✓[39m tests/unit/ships/effects/laser-hit-effect.test.ts [2m([22m[2m6 tests[22m[2m)[22m[32m 7[2mms[22m[39m
[90mstdout[2m | tests/unit/scenes/boot-scene.test.ts[2m > [22m[2mBootScene[2m > [22m[2mshould start PreloadScene in create
[22m[39mBootScene: starting PreloadScene

 [32m✓[39m tests/unit/scenes/boot-scene.test.ts [2m([22m[2m3 tests[22m[2m)[22m[32m 4[2mms[22m[39m
 [32m✓[39m tests/unit/scenes/shoot-em-ups/levels/ship-demo-level.test.ts [2m([22m[2m1 test[22m[2m)[22m[32m 5[2mms[22m[39m
 [32m✓[39m tests/unit/scenes/galaxies/planets/effects/asteroid-belt-effect.test.ts [2m([22m[2m1 test[22m[2m)[22m[32m 2[2mms[22m[39m
 [32m✓[39m tests/unit/ships/modules/drives/ion-drive.test.ts [2m([22m[2m1 test[22m[2m)[22m[32m 6[2mms[22m[39m
 [32m✓[39m tests/unit/logic/player-firing.test.ts [2m([22m[2m8 tests[22m[2m)[22m[32m 10[2mms[22m[39m
 [32m✓[39m tests/unit/logic/collision-handlers/ship-hazard-handler.test.ts [2m([22m[2m2 tests[22m[2m)[22m[32m 7[2mms[22m[39m
 [32m✓[39m tests/unit/ships/modules/rockets/green-rocket.test.ts [2m([22m[2m1 test[22m[2m)[22m[32m 3[2mms[22m[39m
 [32m✓[39m tests/unit/ships/effects/ion-effect.test.ts [2m([22m[2m1 test[22m[2m)[22m[32m 2[2mms[22m[39m
 [32m✓[39m tests/unit/ships/modules/lasers/green-laser.test.ts [2m([22m[2m1 test[22m[2m)[22m[32m 19[2mms[22m[39m
 [32m✓[39m tests/unit/src-generated/ships/markers/blood-hunter.markers.test.ts [2m([22m[2m1 test[22m[2m)[22m[32m 4[2mms[22m[39m
 [32m✓[39m tests/unit/ships/definitions/blood-boss.test.ts [2m([22m[2m3 tests[22m[2m)[22m[32m 2[2mms[22m[39m
 [32m✓[39m tests/unit/scenes/shoot-em-ups/formations/types.test.ts [2m([22m[2m1 test[22m[2m)[22m[32m 12[2mms[22m[39m
 [32m✓[39m tests/unit/ships/modules/drives/red-thruster-drive.test.ts [2m([22m[2m1 test[22m[2m)[22m[32m 2[2mms[22m[39m
 [32m✓[39m tests/unit/ships/definitions/blood-hunter.test.ts [2m([22m[2m1 test[22m[2m)[22m[32m 3[2mms[22m[39m
 [32m✓[39m tests/unit/scenes/galaxies/planets/effects/mini-moon-effect.test.ts [2m([22m[2m4 tests[22m[2m)[22m[32m 18[2mms[22m[39m
 [32m✓[39m tests/unit/backgrounds/starfield.test.ts [2m([22m[2m1 test[22m[2m)[22m[32m 2[2mms[22m[39m
 [32m✓[39m tests/unit/ships/configurations/blood-hunter-red-laser.test.ts [2m([22m[2m1 test[22m[2m)[22m[32m 1[2mms[22m[39m
 [32m✓[39m tests/unit/scenes/shoot-em-ups/formations/explicit-formation.test.ts [2m([22m[2m1 test[22m[2m)[22m[32m 4[2mms[22m[39m
 [32m✓[39m tests/unit/ships/modules/lasers/types.test.ts [2m([22m[2m1 test[22m[2m)[22m[32m 5[2mms[22m[39m
 [32m✓[39m tests/unit/src-generated/ships/markers/big-cruiser.markers.test.ts [2m([22m[2m1 test[22m[2m)[22m[32m 41[2mms[22m[39m
 [32m✓[39m tests/unit/ships/effects/thruster-effect.test.ts [2m([22m[2m1 test[22m[2m)[22m[32m 5[2mms[22m[39m
 [32m✓[39m tests/unit/logic/storyline-manager.test.ts [2m([22m[2m3 tests[22m[2m)[22m[32m 2[2mms[22m[39m
 [32m✓[39m tests/unit/scenes/shoot-em-ups/tactics/base-tactic.test.ts [2m([22m[2m1 test[22m[2m)[22m[32m 8[2mms[22m[39m
 [32m✓[39m tests/unit/ships/modules/module-types.test.ts [2m([22m[2m4 tests[22m[2m)[22m[32m 13[2mms[22m[39m
 [32m✓[39m tests/unit/scenes/galaxies/planets/effects/glimmering-snow-effect.test.ts [2m([22m[2m1 test[22m[2m)[22m[32m 8[2mms[22m[39m
 [32m✓[39m tests/unit/scenes/galaxies/galaxy-config.test.ts [2m([22m[2m1 test[22m[2m)[22m[32m 2[2mms[22m[39m
 [32m✓[39m tests/unit/scenes/shipyards/shipyard-scene.test.ts [2m([22m[2m2 tests[22m[2m)[22m[32m 5[2mms[22m[39m
 [32m✓[39m tests/unit/ships/configurations/asteroid-large-dust.test.ts [2m([22m[2m1 test[22m[2m)[22m[32m 3[2mms[22m[39m
 [32m✓[39m tests/unit/scenes/galaxies/planets/effects/base-orbit-effect.test.ts [2m([22m[2m1 test[22m[2m)[22m[32m 7[2mms[22m[39m
 [32m✓[39m tests/unit/logic/collision-handlers/collision-handler.interface.test.ts [2m([22m[2m1 test[22m[2m)[22m[32m 8[2mms[22m[39m
 [32m✓[39m tests/unit/ships/definitions/asteroid-small.test.ts [2m([22m[2m1 test[22m[2m)[22m[32m 9[2mms[22m[39m
 [32m✓[39m tests/unit/ships/configurations/blood-bomber-blood-rocket.test.ts [2m([22m[2m1 test[22m[2m)[22m[32m 6[2mms[22m[39m
 [32m✓[39m tests/unit/ships/definitions/asteroid-large.test.ts [2m([22m[2m1 test[22m[2m)[22m[32m 2[2mms[22m[39m
 [32m✓[39m tests/unit/scenes/shoot-em-ups/formations/line-formation.test.ts [2m([22m[2m2 tests[22m[2m)[22m[32m 6[2mms[22m[39m
 [32m✓[39m tests/unit/ships/modules/lasers/white-laser.test.ts [2m([22m[2m1 test[22m[2m)[22m[32m 4[2mms[22m[39m
 [32m✓[39m tests/unit/ships/effects/dust-trail-effect.test.ts [2m([22m[2m1 test[22m[2m)[22m[32m 7[2mms[22m[39m
 [32m✓[39m tests/unit/scenes/galaxies/planets/planet-effect.test.ts [2m([22m[2m1 test[22m[2m)[22m[32m 3[2mms[22m[39m
[90mstdout[2m | tests/unit/scenes/galaxies/planets/planet-effect-factory.test.ts
[22m[39mRegistered effect: asteroid-belt
Registered effect: bubble
Registered effect: color-circle
Registered effect: gas-ring
Registered effect: ghost-shade
Registered effect: glimmering-snow
Registered effect: hurricane
Registered effect: mini-moon
Registered effect: rectangles
Registered effect: satellite
Registered effect: solar-flare
Registered effect: solid-ring
Registered effect: spikes

 [32m✓[39m tests/unit/scenes/galaxies/planets/planet-effect-factory.test.ts [2m([22m[2m1 test[22m[2m)[22m[32m 1[2mms[22m[39m
 [32m✓[39m tests/unit/ships/definitions/blood-fighter.test.ts [2m([22m[2m1 test[22m[2m)[22m[32m 2[2mms[22m[39m
 [32m✓[39m tests/unit/di/container.test.ts [2m([22m[2m1 test[22m[2m)[22m[32m 4[2mms[22m[39m
 [32m✓[39m tests/unit/ships/configurations/blood-boss-config.test.ts [2m([22m[2m2 tests[22m[2m)[22m[32m 9[2mms[22m[39m
 [32m✓[39m tests/unit/logic/collision-handlers/wall-collision-handler.test.ts [2m([22m[2m5 tests[22m[2m)[22m[32m 4[2mms[22m[39m
 [32m✓[39m tests/unit/ships/definitions/big-cruiser.test.ts [2m([22m[2m2 tests[22m[2m)[22m[32m 4[2mms[22m[39m
 [32m✓[39m tests/unit/scripts/scaffold-tests.test.ts [2m([22m[2m1 test[22m[2m)[22m[32m 1[2mms[22m[39m
 [32m✓[39m tests/unit/scenes/shoot-em-ups/formations/sinus-formation.test.ts [2m([22m[2m1 test[22m[2m)[22m[32m 4[2mms[22m[39m
 [32m✓[39m tests/unit/scenes/galaxies/planets/planet-data.test.ts [2m([22m[2m1 test[22m[2m)[22m[32m 3[2mms[22m[39m
 [32m✓[39m tests/unit/scenes/galaxies/planets/effects/base-surface-structure-effect.test.ts [2m([22m[2m1 test[22m[2m)[22m[32m 5[2mms[22m[39m
 [32m✓[39m tests/unit/src-generated/ships/markers/blood-boss.markers.test.ts [2m([22m[2m2 tests[22m[2m)[22m[32m 5[2mms[22m[39m
 [32m✓[39m tests/unit/ships/configurations/blood-fighter-big-red-laser.test.ts [2m([22m[2m1 test[22m[2m)[22m[32m 6[2mms[22m[39m
 [32m✓[39m tests/unit/scenes/shoot-em-ups/formations/asteroid-field-formation.test.ts [2m([22m[2m1 test[22m[2m)[22m[32m 3[2mms[22m[39m
 [32m✓[39m tests/unit/ships/effects/dust-explosion.test.ts [2m([22m[2m1 test[22m[2m)[22m[32m 2[2mms[22m[39m
 [32m✓[39m tests/unit/ships/effects/explosion.test.ts [2m([22m[2m1 test[22m[2m)[22m[32m 2[2mms[22m[39m
 [32m✓[39m tests/unit/scenes/galaxies/planets/effects/ghost-shade-effect.test.ts [2m([22m[2m1 test[22m[2m)[22m[32m 4[2mms[22m[39m
 [32m✓[39m tests/unit/ships/definitions/blood-bomber.test.ts [2m([22m[2m2 tests[22m[2m)[22m[32m 5[2mms[22m[39m
 [32m✓[39m tests/unit/ships/modules/lasers/projectile.test.ts [2m([22m[2m1 test[22m[2m)[22m[32m 1[2mms[22m[39m
 [32m✓[39m tests/unit/scenes/shoot-em-ups/tactics/types.test.ts [2m([22m[2m1 test[22m[2m)[22m[32m 7[2mms[22m[39m
 [32m✓[39m tests/unit/ships/types.test.ts [2m([22m[2m1 test[22m[2m)[22m[32m 5[2mms[22m[39m
 [32m✓[39m tests/unit/ships/modules/drives/types.test.ts [2m([22m[2m1 test[22m[2m)[22m[32m 1[2mms[22m[39m
 [32m✓[39m tests/unit/ships/modules/lasers/big-red-laser.test.ts [2m([22m[2m1 test[22m[2m)[22m[32m 4[2mms[22m[39m
 [32m✓[39m tests/unit/scenes/galaxies/planets/effects/base-ring-effect.test.ts [2m([22m[2m1 test[22m[2m)[22m[32m 1[2mms[22m[39m
 [32m✓[39m tests/unit/ships/modules/weapon-base.test.ts [2m([22m[2m1 test[22m[2m)[22m[32m 2[2mms[22m[39m
 [32m✓[39m tests/unit/ships/modules/drives/base-drive.test.ts [2m([22m[2m1 test[22m[2m)[22m[32m 2[2mms[22m[39m

[2m Test Files [22m [1m[32m145 passed[39m[22m[90m (145)[39m
[2m      Tests [22m [1m[32m417 passed[39m[22m[90m (417)[39m
[2m   Start at [22m 18:54:02
[2m   Duration [22m 16.25s[2m (transform 4.85s, setup 3.64s, import 8.76s, tests 1.12s, environment 74.98s)[22m


> laser-phaser@0.0.0 posttest
> rm -rf tests/temp

